Analyzing app...                                                

   info - Dangling library doc comment - lib\core\role_helper.dart:1:1 - dangling_library_doc_comments
   info - Don't use 'BuildContext's across async gaps - lib\screens\auth_screen.dart:284:36 - use_build_context_synchronously
   info - Don't use 'BuildContext's across async gaps - lib\screens\auth_screen.dart:457:13 - use_build_context_synchronously
   info - Don't use 'BuildContext's across async gaps, guarded by an unrelated 'mounted' check - lib\screens\auth_screen.dart:717:52 - use_build_context_synchronously
   info - Don't use 'BuildContext's across async gaps, guarded by an unrelated 'mounted' check - lib\screens\auth_screen.dart:756:36 - use_build_context_synchronously
   info - Don't use 'BuildContext's across async gaps - lib\screens\auth_screen.dart:803:13 - use_build_context_synchronously
   info - 'withOpacity' is deprecated and shouldn't be used. Use .withValues() to avoid precision loss - lib\screens\auth_screen.dart:810:42 - deprecated_member_use
   info - 'withOpacity' is deprecated and shouldn't be used. Use .withValues() to avoid precision loss - lib\screens\auth_screen.dart:812:50 - deprecated_member_use
   info - 'withOpacity' is deprecated and shouldn't be used. Use .withValues() to avoid precision loss - lib\screens\auth_screen.dart:860:48 - deprecated_member_use
   info - 'withOpacity' is deprecated and shouldn't be used. Use .withValues() to avoid precision loss - lib\screens\auth_screen.dart:865:58 - deprecated_member_use
   info - 'withOpacity' is deprecated and shouldn't be used. Use .withValues() to avoid precision loss - lib\screens\auth_screen.dart:902:44 - deprecated_member_use
   info - 'withOpacity' is deprecated and shouldn't be used. Use .withValues() to avoid precision loss - lib\screens\auth_screen.dart:904:52 - deprecated_member_use
   info - 'withOpacity' is deprecated and shouldn't be used. Use .withValues() to avoid precision loss - lib\screens\auth_screen.dart:1002:53 - deprecated_member_use
   info - 'withOpacity' is deprecated and shouldn't be used. Use .withValues() to avoid precision loss - lib\screens\auth_screen.dart:1326:45 - deprecated_member_use
   info - 'withOpacity' is deprecated and shouldn't be used. Use .withValues() to avoid precision loss - lib\screens\auth_screen.dart:1389:41 - deprecated_member_use
   info - 'withOpacity' is deprecated and shouldn't be used. Use .withValues() to avoid precision loss - lib\screens\auth_screen.dart:1445:37 - deprecated_member_use
   info - 'withOpacity' is deprecated and shouldn't be used. Use .withValues() to avoid precision loss - lib\screens\auth_screen.dart:1684:37 - deprecated_member_use
   info - 'withOpacity' is deprecated and shouldn't be used. Use .withValues() to avoid precision loss - lib\screens\profile_home_screen.dart:88:39 - deprecated_member_use
   info - 'withOpacity' is deprecated and shouldn't be used. Use .withValues() to avoid precision loss - lib\screens\profile_home_screen.dart:149:39 - deprecated_member_use
   info - Statements in an if should be enclosed in a block - lib\screens\profile_home_screen.dart:207:19 - curly_braces_in_flow_control_structures
   info - 'withOpacity' is deprecated and shouldn't be used. Use .withValues() to avoid precision loss - lib\screens\profile_home_screen.dart:329:49 - deprecated_member_use
   info - 'withOpacity' is deprecated and shouldn't be used. Use .withValues() to avoid precision loss - lib\screens\profile_home_screen.dart:369:32 - deprecated_member_use
   info - Unnecessary use of multiple underscores - lib\screens\profile_home_screen.dart:451:45 - unnecessary_underscores
   info - 'withOpacity' is deprecated and shouldn't be used. Use .withValues() to avoid precision loss - lib\screens\profile_home_screen.dart:498:24 - deprecated_member_use
   info - Don't use 'BuildContext's across async gaps - lib\screens\profile_home_screen.dart:649:30 - use_build_context_synchronously
   info - Don't use 'BuildContext's across async gaps - lib\screens\profile_home_screen.dart:653:23 - use_build_context_synchronously
   info - Don't use 'BuildContext's across async gaps - lib\screens\profile_home_screen.dart:667:9 - use_build_context_synchronously
   info - 'withOpacity' is deprecated and shouldn't be used. Use .withValues() to avoid precision loss - lib\screens\profile_home_screen.dart:755:37 - deprecated_member_use
   info - Statements in an if should be enclosed in a block - lib\services\app_store.dart:411:13 - curly_braces_in_flow_control_structures
   info - Statements in an if should be enclosed in a block - lib\services\app_store.dart:439:11 - curly_braces_in_flow_control_structures
   info - The private field _notifications could be 'final' - lib\services\app_store.dart:505:30 - prefer_final_fields
warning - The value of the local variable 'isCombatOfficial' isn't used - lib\widgets\athlete_profile_view.dart:83:16 - unused_local_variable
   info - Don't use 'BuildContext's across async gaps - lib\widgets\athlete_profile_view.dart:436:11 - use_build_context_synchronously
   info - Don't use 'BuildContext's across async gaps - lib\widgets\athlete_profile_view.dart:439:23 - use_build_context_synchronously
   info - Don't use 'BuildContext's across async gaps - lib\widgets\athlete_profile_view.dart:453:9 - use_build_context_synchronously
warning - The declaration '_buildExpandableModule' isn't referenced - lib\widgets\athlete_profile_view.dart:846:10 - unused_element
warning - The declaration '_buildSectionTitle' isn't referenced - lib\widgets\athlete_profile_view.dart:911:10 - unused_element
warning - The declaration '_buildChip' isn't referenced - lib\widgets\athlete_profile_view.dart:923:10 - unused_element
warning - The declaration '_buildInfoRow' isn't referenced - lib\widgets\athlete_profile_view.dart:942:10 - unused_element
   info - Unnecessary use of 'toList' in a spread - lib\widgets\athlete_profile_view.dart:1043:12 - unnecessary_to_list_in_spreads
   info - Unnecessary use of 'toList' in a spread - lib\widgets\athlete_profile_view.dart:1163:12 - unnecessary_to_list_in_spreads
   info - 'activeColor' is deprecated and shouldn't be used. Use activeThumbColor instead. This feature was deprecated after v3.31.0-2.0.pre - lib\widgets\athlete_profile_view.dart:1255:17 - deprecated_member_use
   info - Unnecessary use of 'toList' in a spread - lib\widgets\athlete_profile_view.dart:1372:12 - unnecessary_to_list_in_spreads
   info - Unnecessary use of 'toList' in a spread - lib\widgets\athlete_profile_view.dart:1666:12 - unnecessary_to_list_in_spreads
   info - Unnecessary use of 'toList' in a spread - lib\widgets\athlete_profile_view.dart:1946:12 - unnecessary_to_list_in_spreads
   info - Unnecessary use of 'toList' in a spread - lib\widgets\athlete_profile_view.dart:2169:12 - unnecessary_to_list_in_spreads
   info - Unnecessary use of 'toList' in a spread - lib\widgets\athlete_profile_view.dart:2382:12 - unnecessary_to_list_in_spreads
   info - Unnecessary use of 'toList' in a spread - lib\widgets\athlete_profile_view.dart:2592:12 - unnecessary_to_list_in_spreads
   info - Unnecessary use of 'toList' in a spread - lib\widgets\athlete_profile_view.dart:2841:12 - unnecessary_to_list_in_spreads
   info - Unnecessary use of 'toList' in a spread - lib\widgets\athlete_profile_view.dart:3101:12 - unnecessary_to_list_in_spreads
   info - Unnecessary use of 'toList' in a spread - lib\widgets\athlete_profile_view.dart:3320:12 - unnecessary_to_list_in_spreads
   info - Unnecessary use of 'toList' in a spread - lib\widgets\athlete_profile_view.dart:3464:12 - unnecessary_to_list_in_spreads
   info - 'withOpacity' is deprecated and shouldn't be used. Use .withValues() to avoid precision loss - lib\widgets\athlete_profile_view.dart:3719:37 - deprecated_member_use
   info - 'withOpacity' is deprecated and shouldn't be used. Use .withValues() to avoid precision loss - lib\widgets\athlete_profile_view.dart:3727:37 - deprecated_member_use
   info - 'withOpacity' is deprecated and shouldn't be used. Use .withValues() to avoid precision loss - lib\widgets\athlete_profile_view.dart:3755:41 - deprecated_member_use
   info - 'withOpacity' is deprecated and shouldn't be used. Use .withValues() to avoid precision loss - lib\widgets\athlete_profile_view.dart:3924:62 - deprecated_member_use
   info - 'withOpacity' is deprecated and shouldn't be used. Use .withValues() to avoid precision loss - lib\widgets\athlete_profile_view.dart:3953:37 - deprecated_member_use
   info - 'withOpacity' is deprecated and shouldn't be used. Use .withValues() to avoid precision loss - lib\widgets\athlete_profile_view.dart:4027:37 - deprecated_member_use
   info - 'withOpacity' is deprecated and shouldn't be used. Use .withValues() to avoid precision loss - lib\widgets\athlete_profile_view.dart:4042:37 - deprecated_member_use
   info - Statements in an if should be enclosed in a block - lib\widgets\athlete_profile_view.dart:4593:7 - curly_braces_in_flow_control_structures
   info - Unnecessary use of 'toList' in a spread - lib\widgets\career_history_view.dart:80:67 - unnecessary_to_list_in_spreads
   info - 'withOpacity' is deprecated and shouldn't be used. Use .withValues() to avoid precision loss - lib\widgets\career_history_view.dart:250:46 - deprecated_member_use
   info - 'withOpacity' is deprecated and shouldn't be used. Use .withValues() to avoid precision loss - lib\widgets\chat_view.dart:526:55 - deprecated_member_use
   info - 'withOpacity' is deprecated and shouldn't be used. Use .withValues() to avoid precision loss - lib\widgets\chat_view.dart:595:54 - deprecated_member_use
   info - Don't use 'BuildContext's across async gaps - lib\widgets\chat_view.dart:799:30 - use_build_context_synchronously
   info - Don't use 'BuildContext's across async gaps - lib\widgets\chat_view.dart:808:28 - use_build_context_synchronously
   info - Don't use 'BuildContext's across async gaps - lib\widgets\chat_view.dart:824:22 - use_build_context_synchronously
   info - Don't use 'BuildContext's across async gaps - lib\widgets\chat_view.dart:828:42 - use_build_context_synchronously
   info - Don't use 'BuildContext's across async gaps - lib\widgets\chat_view.dart:832:9 - use_build_context_synchronously
   info - Don't use 'BuildContext's across async gaps - lib\widgets\chat_view.dart:946:11 - use_build_context_synchronously
   info - 'dart:html' is deprecated and shouldn't be used. Use package:web and dart:js_interop instead - lib\widgets\custom_video_player.dart:4:1 - deprecated_member_use
   info - Don't use web-only libraries outside Flutter web plugins - lib\widgets\custom_video_player.dart:4:1 - avoid_web_libraries_in_flutter
   info - 'withOpacity' is deprecated and shouldn't be used. Use .withValues() to avoid precision loss - lib\widgets\legend_boxer_profile.dart:54:55 - deprecated_member_use
   info - 'withOpacity' is deprecated and shouldn't be used. Use .withValues() to avoid precision loss - lib\widgets\legend_boxer_profile.dart:56:36 - deprecated_member_use
   info - 'withOpacity' is deprecated and shouldn't be used. Use .withValues() to avoid precision loss - lib\widgets\legend_boxer_profile.dart:89:35 - deprecated_member_use
   info - 'withOpacity' is deprecated and shouldn't be used. Use .withValues() to avoid precision loss - lib\widgets\legend_boxer_profile.dart:313:47 - deprecated_member_use
   info - 'withOpacity' is deprecated and shouldn't be used. Use .withValues() to avoid precision loss - lib\widgets\legend_boxer_profile.dart:315:29 - deprecated_member_use
   info - 'withOpacity' is deprecated and shouldn't be used. Use .withValues() to avoid precision loss - lib\widgets\legend_boxer_profile.dart:323:34 - deprecated_member_use
   info - 'withOpacity' is deprecated and shouldn't be used. Use .withValues() to avoid precision loss - lib\widgets\legend_boxer_profile.dart:340:37 - deprecated_member_use
   info - 'withOpacity' is deprecated and shouldn't be used. Use .withValues() to avoid precision loss - lib\widgets\legend_boxer_profile.dart:370:46 - deprecated_member_use
   info - 'withOpacity' is deprecated and shouldn't be used. Use .withValues() to avoid precision loss - lib\widgets\legend_boxer_profile.dart:398:44 - deprecated_member_use
   info - 'withOpacity' is deprecated and shouldn't be used. Use .withValues() to avoid precision loss - lib\widgets\legend_boxer_profile.dart:423:41 - deprecated_member_use
   info - 'withOpacity' is deprecated and shouldn't be used. Use .withValues() to avoid precision loss - lib\widgets\legend_boxer_profile.dart:445:49 - deprecated_member_use
   info - 'withOpacity' is deprecated and shouldn't be used. Use .withValues() to avoid precision loss - lib\widgets\legend_boxer_profile.dart:449:34 - deprecated_member_use
   info - 'withOpacity' is deprecated and shouldn't be used. Use .withValues() to avoid precision loss - lib\widgets\legend_boxer_profile.dart:493:62 - deprecated_member_use
   info - 'withOpacity' is deprecated and shouldn't be used. Use .withValues() to avoid precision loss - lib\widgets\legend_boxer_profile.dart:507:40 - deprecated_member_use
   info - 'withOpacity' is deprecated and shouldn't be used. Use .withValues() to avoid precision loss - lib\widgets\legend_boxer_profile.dart:551:36 - deprecated_member_use
   info - 'dart:html' is deprecated and shouldn't be used. Use package:web and dart:js_interop instead - lib\widgets\main_feed_view.dart:10:1 - deprecated_member_use
   info - Don't use web-only libraries outside Flutter web plugins - lib\widgets\main_feed_view.dart:10:1 - avoid_web_libraries_in_flutter
warning - The value of the field '_confidence' isn't used - lib\widgets\main_feed_view.dart:44:10 - unused_field
   info - Don't use 'BuildContext's across async gaps - lib\widgets\main_feed_view.dart:125:28 - use_build_context_synchronously
   info - 'withOpacity' is deprecated and shouldn't be used. Use .withValues() to avoid precision loss - lib\widgets\main_feed_view.dart:177:38 - deprecated_member_use
   info - 'withOpacity' is deprecated and shouldn't be used. Use .withValues() to avoid precision loss - lib\widgets\main_feed_view.dart:178:45 - deprecated_member_use
   info - 'withOpacity' is deprecated and shouldn't be used. Use .withValues() to avoid precision loss - lib\widgets\retired_boxer_profile.dart:270:35 - deprecated_member_use
   info - 'withOpacity' is deprecated and shouldn't be used. Use .withValues() to avoid precision loss - lib\widgets\retired_boxer_profile.dart:271:30 - deprecated_member_use
   info - 'withOpacity' is deprecated and shouldn't be used. Use .withValues() to avoid precision loss - lib\widgets\retired_boxer_profile.dart:275:37 - deprecated_member_use
   info - 'activeColor' is deprecated and shouldn't be used. Use activeThumbColor instead. This feature was deprecated after v3.31.0-2.0.pre - lib\widgets\retired_boxer_profile.dart:318:17 - deprecated_member_use
   info - 'withOpacity' is deprecated and shouldn't be used. Use .withValues() to avoid precision loss - lib\widgets\retired_boxer_profile.dart:319:53 - deprecated_member_use
   info - Don't use 'BuildContext's across async gaps - lib\widgets\settings_view.dart:178:23 - use_build_context_synchronously
   info - Don't use 'BuildContext's across async gaps - lib\widgets\settings_view.dart:179:48 - use_build_context_synchronously
   info - 'withOpacity' is deprecated and shouldn't be used. Use .withValues() to avoid precision loss - lib\widgets\social_stats_widget.dart:30:48 - deprecated_member_use
   info - Statements in an if should be enclosed in a block - lib\widgets\streaming_arena_view.dart:224:31 - curly_braces_in_flow_control_structures
   info - Statements in an if should be enclosed in a block - lib\widgets\streaming_arena_view.dart:972:29 - curly_braces_in_flow_control_structures
   info - Statements in an if should be enclosed in a block - lib\widgets\streaming_arena_view.dart:1108:5 - curly_braces_in_flow_control_structures

